###############################################################################
#
# IAR ELF Linker V8.11.2.13589/W32 for ARM                28/Feb/2018  17:05:18
# Copyright 2007-2017 IAR Systems AB.
#
#    Output file  =  
#        D:\Drone Vacation
#        Study\1st_week\PWM_PRACTICE\EWARM\PWM_PRACTICE\Exe\PWM_PRACTICE.out
#    Map file     =  
#        D:\Drone Vacation
#        Study\1st_week\PWM_PRACTICE\EWARM\PWM_PRACTICE\List\PWM_PRACTICE.map
#    Command line =  
#        -f C:\Users\dsm2017\AppData\Local\Temp\EWEC30.tmp ("D:\Drone Vacation
#        Study\1st_week\PWM_PRACTICE\EWARM\PWM_PRACTICE\Obj\main.o" "D:\Drone
#        Vacation
#        Study\1st_week\PWM_PRACTICE\EWARM\PWM_PRACTICE\Obj\startup_stm32l073xx.o"
#        "D:\Drone Vacation
#        Study\1st_week\PWM_PRACTICE\EWARM\PWM_PRACTICE\Obj\stm32l0xx_hal.o"
#        "D:\Drone Vacation
#        Study\1st_week\PWM_PRACTICE\EWARM\PWM_PRACTICE\Obj\stm32l0xx_hal_cortex.o"
#        "D:\Drone Vacation
#        Study\1st_week\PWM_PRACTICE\EWARM\PWM_PRACTICE\Obj\stm32l0xx_hal_dma.o"
#        "D:\Drone Vacation
#        Study\1st_week\PWM_PRACTICE\EWARM\PWM_PRACTICE\Obj\stm32l0xx_hal_flash.o"
#        "D:\Drone Vacation
#        Study\1st_week\PWM_PRACTICE\EWARM\PWM_PRACTICE\Obj\stm32l0xx_hal_flash_ex.o"
#        "D:\Drone Vacation
#        Study\1st_week\PWM_PRACTICE\EWARM\PWM_PRACTICE\Obj\stm32l0xx_hal_flash_ramfunc.o"
#        "D:\Drone Vacation
#        Study\1st_week\PWM_PRACTICE\EWARM\PWM_PRACTICE\Obj\stm32l0xx_hal_gpio.o"
#        "D:\Drone Vacation
#        Study\1st_week\PWM_PRACTICE\EWARM\PWM_PRACTICE\Obj\stm32l0xx_hal_i2c.o"
#        "D:\Drone Vacation
#        Study\1st_week\PWM_PRACTICE\EWARM\PWM_PRACTICE\Obj\stm32l0xx_hal_i2c_ex.o"
#        "D:\Drone Vacation
#        Study\1st_week\PWM_PRACTICE\EWARM\PWM_PRACTICE\Obj\stm32l0xx_hal_msp.o"
#        "D:\Drone Vacation
#        Study\1st_week\PWM_PRACTICE\EWARM\PWM_PRACTICE\Obj\stm32l0xx_hal_pwr.o"
#        "D:\Drone Vacation
#        Study\1st_week\PWM_PRACTICE\EWARM\PWM_PRACTICE\Obj\stm32l0xx_hal_pwr_ex.o"
#        "D:\Drone Vacation
#        Study\1st_week\PWM_PRACTICE\EWARM\PWM_PRACTICE\Obj\stm32l0xx_hal_rcc.o"
#        "D:\Drone Vacation
#        Study\1st_week\PWM_PRACTICE\EWARM\PWM_PRACTICE\Obj\stm32l0xx_hal_rcc_ex.o"
#        "D:\Drone Vacation
#        Study\1st_week\PWM_PRACTICE\EWARM\PWM_PRACTICE\Obj\stm32l0xx_hal_tim.o"
#        "D:\Drone Vacation
#        Study\1st_week\PWM_PRACTICE\EWARM\PWM_PRACTICE\Obj\stm32l0xx_hal_tim_ex.o"
#        "D:\Drone Vacation
#        Study\1st_week\PWM_PRACTICE\EWARM\PWM_PRACTICE\Obj\stm32l0xx_it.o"
#        "D:\Drone Vacation
#        Study\1st_week\PWM_PRACTICE\EWARM\PWM_PRACTICE\Obj\system_stm32l0xx.o"
#        --redirect _Printf=_PrintfFull --redirect _Scanf=_ScanfFull -o
#        "D:\Drone Vacation
#        Study\1st_week\PWM_PRACTICE\EWARM\PWM_PRACTICE\Exe\PWM_PRACTICE.out"
#        --map "D:\Drone Vacation
#        Study\1st_week\PWM_PRACTICE\EWARM\PWM_PRACTICE\List\PWM_PRACTICE.map"
#        --config "D:\Drone Vacation
#        Study\1st_week\PWM_PRACTICE\EWARM/stm32l073xx_flash.icf" --semihosting
#        --entry __iar_program_start --vfe --text_out locale)
#
###############################################################################

*******************************************************************************
*** RUNTIME MODEL ATTRIBUTES
***

CppFlavor       = *
__SystemLibrary = DLib
__dlib_version  = 6


*******************************************************************************
*** HEAP SELECTION
***

The basic heap was selected because no calls to memory allocation
functions were found in the application outside of system library
functions, and there are calls to deallocation functions in the
application.


*******************************************************************************
*** PLACEMENT SUMMARY
***

"A0":  place at 0x08000000 { ro section .intvec };
"P1":  place in [from 0x08000000 to 0x0802ffff] { ro };
define block CSTACK with size = 1K, alignment = 8 { };
define block HEAP with size = 512, alignment = 8 { };
"P2":  place in [from 0x20000000 to 0x20004fff] {
          rw, block CSTACK, block HEAP };
initialize by copy { rw };

  Section            Kind        Address    Size  Object
  -------            ----        -------    ----  ------
"A0":                                       0xc0
  .intvec            ro code  0x08000000    0xc0  startup_stm32l073xx.o [1]
                            - 0x080000c0    0xc0

"P1":                                     0x1134
  .text              ro code  0x080000c0   0x70c  stm32l0xx_hal_rcc.o [1]
  .text              ro code  0x080007cc     0xc  stm32l0xx_hal.o [1]
  .text              ro code  0x080007d8    0x28  stm32l0xx_hal.o [1]
  .text              ro code  0x08000800    0x36  I32DivMod.o [4]
  .text              ro code  0x08000836     0x2  startup_stm32l073xx.o [1]
  .text              ro code  0x08000838    0x92  stm32l0xx_hal_cortex.o [1]
  .text              ro code  0x080008ca     0x2  startup_stm32l073xx.o [1]
  .text              ro code  0x080008cc     0x2  IntDivZer.o [4]
  .text              ro code  0x080008ce     0x2  startup_stm32l073xx.o [1]
  .text              ro code  0x080008d0   0x352  stm32l0xx_hal_tim.o [1]
  .text              ro code  0x08000c22     0x2  startup_stm32l073xx.o [1]
  .text              ro code  0x08000c24    0xa0  stm32l0xx_hal_msp.o [1]
  .text              ro code  0x08000cc4   0x1b4  stm32l0xx_hal_gpio.o [1]
  .text              ro code  0x08000e78   0x160  main.o [1]
  .text              ro code  0x08000fd8    0x20  stm32l0xx_hal.o [1]
  .text              ro code  0x08000ff8    0x4e  stm32l0xx_hal_tim_ex.o [1]
  .text              ro code  0x08001046     0x2  startup_stm32l073xx.o [1]
  .text              ro code  0x08001048    0x74  system_stm32l0xx.o [1]
  .text              ro code  0x080010bc    0x3c  packbits_init_single.o [4]
  .text              ro code  0x080010f8    0x28  data_init.o [4]
  .iar.init_table    const    0x08001120    0x10  - Linker created -
  .text              ro code  0x08001130    0x1a  cmain.o [4]
  .text              ro code  0x0800114a     0x4  low_level_init.o [3]
  .text              ro code  0x0800114e     0x8  exit.o [3]
  .text              ro code  0x08001156     0x2  startup_stm32l073xx.o [1]
  .text              ro code  0x08001158     0xa  cexit.o [4]
  .text              ro code  0x08001162     0x2  startup_stm32l073xx.o [1]
  .text              ro code  0x08001164    0x14  exit.o [5]
  .text              ro code  0x08001178    0x14  stm32l0xx_it.o [1]
  .text              ro code  0x0800118c    0x10  stm32l0xx_hal.o [1]
  .text              ro code  0x0800119c    0x10  startup_stm32l073xx.o [1]
  .text              ro code  0x080011ac     0xc  cstartup_M.o [4]
  .text              ro code  0x080011b8     0x2  startup_stm32l073xx.o [1]
  .text              ro code  0x080011ba     0x2  startup_stm32l073xx.o [1]
  .text              ro code  0x080011bc     0x2  startup_stm32l073xx.o [1]
  .text              ro code  0x080011be     0x2  startup_stm32l073xx.o [1]
  .text              ro code  0x080011c0     0x2  startup_stm32l073xx.o [1]
  .text              ro code  0x080011c2     0x2  startup_stm32l073xx.o [1]
  .text              ro code  0x080011c4     0x2  startup_stm32l073xx.o [1]
  .text              ro code  0x080011c6     0x2  startup_stm32l073xx.o [1]
  .text              ro code  0x080011c8     0x2  startup_stm32l073xx.o [1]
  .text              ro code  0x080011ca     0x2  startup_stm32l073xx.o [1]
  .text              ro code  0x080011cc     0x2  startup_stm32l073xx.o [1]
  .text              ro code  0x080011ce     0x2  startup_stm32l073xx.o [1]
  .text              ro code  0x080011d0     0x2  startup_stm32l073xx.o [1]
  .text              ro code  0x080011d2     0x2  startup_stm32l073xx.o [1]
  .text              ro code  0x080011d4     0x2  startup_stm32l073xx.o [1]
  .text              ro code  0x080011d6     0x2  startup_stm32l073xx.o [1]
  .text              ro code  0x080011d8     0x2  startup_stm32l073xx.o [1]
  .text              ro code  0x080011da     0x2  startup_stm32l073xx.o [1]
  .text              ro code  0x080011dc     0x2  startup_stm32l073xx.o [1]
  .text              ro code  0x080011de     0x2  startup_stm32l073xx.o [1]
  .text              ro code  0x080011e0     0x2  startup_stm32l073xx.o [1]
  .text              ro code  0x080011e2     0x2  startup_stm32l073xx.o [1]
  .text              ro code  0x080011e4     0x2  startup_stm32l073xx.o [1]
  .text              ro code  0x080011e6     0x2  startup_stm32l073xx.o [1]
  .rodata            const    0x080011e8     0x0  packbits_init_single.o [4]
  Initializer bytes  const    0x080011e8     0xc  <for P2-1>
                            - 0x080011f4  0x1134

"P2", part 1 of 2:                          0x7c
  P2-1                        0x20000000    0x7c  <Init block>
    .data            inited   0x20000000    0x74  main.o [1]
    .data            inited   0x20000074     0x4  system_stm32l0xx.o [1]
    .bss             inited   0x20000078     0x4  stm32l0xx_hal.o [1]
                            - 0x2000007c    0x7c

"P2", part 2 of 2:                         0x400
  CSTACK                      0x20000080   0x400  <Block>
    CSTACK           uninit   0x20000080   0x400  <Block tail>
                            - 0x20000480   0x400


*******************************************************************************
*** INIT TABLE
***

          Address     Size
          -------     ----
Copy/packbits (__iar_packbits_init_single3)
    1 source range, total size 0xc (9% of destination):
          0x080011e8   0xc
    1 destination range, total size 0x7c:
          0x20000000  0x7c



*******************************************************************************
*** MODULE SUMMARY
***

    Module                  ro code  ro data  rw data
    ------                  -------  -------  -------
D:\Drone Vacation Study\1st_week\PWM_PRACTICE\EWARM\PWM_PRACTICE\Obj: [1]
    main.o                      352       11      116
    startup_stm32l073xx.o       270
    stm32l0xx_hal.o             100        1        4
    stm32l0xx_hal_cortex.o      146
    stm32l0xx_hal_gpio.o        436
    stm32l0xx_hal_msp.o         160
    stm32l0xx_hal_rcc.o       1 804
    stm32l0xx_hal_tim.o         850
    stm32l0xx_hal_tim_ex.o       78
    stm32l0xx_it.o               20
    system_stm32l0xx.o          116                 4
    -------------------------------------------------
    Total:                    4 332       12      124

command line: [2]
    -------------------------------------------------
    Total:

dl6M_tlf.a: [3]
    exit.o                        8
    low_level_init.o              4
    -------------------------------------------------
    Total:                       12

rt6M_tl.a: [4]
    I32DivMod.o                  54
    IntDivZer.o                   2
    cexit.o                      10
    cmain.o                      26
    cstartup_M.o                 12
    data_init.o                  40
    packbits_init_single.o       60
    -------------------------------------------------
    Total:                      204

shb_l.a: [5]
    exit.o                       20
    -------------------------------------------------
    Total:                       20

    Linker created                        16    1 024
-----------------------------------------------------
    Grand Total:              4 568       28    1 148


*******************************************************************************
*** ENTRY LIST
***

Entry                      Address   Size  Type      Object
-----                      -------   ----  ----      ------
.iar.init_table$$Base   0x08001120          --   Gb  - Linker created -
.iar.init_table$$Limit  0x08001130          --   Gb  - Linker created -
?main                   0x08001131         Code  Gb  cmain.o [4]
AHBPrescTable           0x080010a0   0x10  Data  Gb  system_stm32l0xx.o [1]
CSTACK$$Base            0x20000080          --   Gb  - Linker created -
CSTACK$$Limit           0x20000480          --   Gb  - Linker created -
HAL_GPIO_Init           0x08000cc5  0x194  Code  Gb  stm32l0xx_hal_gpio.o [1]
HAL_GetTick             0x080007cd    0xc  Code  Wk  stm32l0xx_hal.o [1]
HAL_IncTick             0x0800118d   0x10  Code  Wk  stm32l0xx_hal.o [1]
HAL_Init                0x08000fd9   0x1a  Code  Gb  stm32l0xx_hal.o [1]
HAL_InitTick            0x080007d9   0x28  Code  Wk  stm32l0xx_hal.o [1]
HAL_MspInit             0x08000c25   0x3c  Code  Gb  stm32l0xx_hal_msp.o [1]
HAL_NVIC_SetPriority    0x0800086d    0x8  Code  Gb  stm32l0xx_hal_cortex.o [1]
HAL_RCC_ClockConfig     0x08000545  0x16a  Code  Gb  stm32l0xx_hal_rcc.o [1]
HAL_RCC_GetHCLKFreq     0x0800072d    0x6  Code  Gb  stm32l0xx_hal_rcc.o [1]
HAL_RCC_GetSysClockFreq
                        0x080006bd   0x6c  Code  Gb  stm32l0xx_hal_rcc.o [1]
HAL_RCC_OscConfig       0x080000c1  0x46c  Code  Gb  stm32l0xx_hal_rcc.o [1]
HAL_SYSTICK_CLKSourceConfig
                        0x0800089d   0x18  Code  Gb  stm32l0xx_hal_cortex.o [1]
HAL_SYSTICK_Config      0x08000875   0x28  Code  Gb  stm32l0xx_hal_cortex.o [1]
HAL_SYSTICK_IRQHandler  0x080008b5    0x8  Code  Gb  stm32l0xx_hal_cortex.o [1]
HAL_TIMEx_MasterConfigSynchronization
                        0x08000ff9   0x4e  Code  Gb  stm32l0xx_hal_tim_ex.o [1]
HAL_TIM_Base_Init       0x080008d1   0x2c  Code  Gb  stm32l0xx_hal_tim.o [1]
HAL_TIM_Base_MspInit    0x08000c77   0x14  Code  Gb  stm32l0xx_hal_msp.o [1]
HAL_TIM_Base_Start_IT   0x080008fd   0x14  Code  Gb  stm32l0xx_hal_tim.o [1]
HAL_TIM_MspPostInit     0x08000c8b   0x2e  Code  Gb  stm32l0xx_hal_msp.o [1]
HAL_TIM_PWM_ConfigChannel
                        0x080009fd   0xce  Code  Gb  stm32l0xx_hal_tim.o [1]
HAL_TIM_PWM_Init        0x08000911   0x2c  Code  Gb  stm32l0xx_hal_tim.o [1]
HAL_TIM_PWM_MspInit     0x08000c61   0x16  Code  Gb  stm32l0xx_hal_msp.o [1]
HAL_TIM_PWM_Start       0x0800093d    0x6  Code  Gb  stm32l0xx_hal_tim.o [1]
HardFault_Handler       0x0800117b    0x2  Code  Gb  stm32l0xx_it.o [1]
MX_TIM2_Init            0x08000f5d   0x5e  Code  Lc  main.o [1]
NMI_Handler             0x08001179    0x2  Code  Gb  stm32l0xx_it.o [1]
NVIC_SetPriority        0x08000839   0x34  Code  Lc  stm32l0xx_hal_cortex.o [1]
PLLMulTable             0x080010b0    0xc  Data  Gb  system_stm32l0xx.o [1]
PendSV_Handler          0x0800117f    0x2  Code  Gb  stm32l0xx_it.o [1]
RCC_SetFlashLatencyFromMSIRange
                        0x08000755   0x5e  Code  Lc  stm32l0xx_hal_rcc.o [1]
Region$$Table$$Base     0x08001120          --   Gb  - Linker created -
Region$$Table$$Limit    0x08001130          --   Gb  - Linker created -
SVC_Handler             0x0800117d    0x2  Code  Gb  stm32l0xx_it.o [1]
SysTick_Handler         0x08001181    0xc  Code  Gb  stm32l0xx_it.o [1]
SystemClock_Config      0x08000ee3   0x7a  Code  Gb  main.o [1]
SystemCoreClock         0x20000074    0x4  Data  Gb  system_stm32l0xx.o [1]
SystemInit              0x08001049   0x40  Code  Gb  system_stm32l0xx.o [1]
TIM_Base_SetConfig      0x08000adb   0x50  Code  Lc  stm32l0xx_hal_tim.o [1]
TIM_CCxChannelCmd       0x08000c0d   0x16  Code  Lc  stm32l0xx_hal_tim.o [1]
TIM_OC1_SetConfig       0x08000b2b   0x2c  Code  Lc  stm32l0xx_hal_tim.o [1]
TIM_OC2_SetConfig       0x08000b57   0x30  Code  Lc  stm32l0xx_hal_tim.o [1]
TIM_OC3_SetConfig       0x08000b89   0x2e  Code  Lc  stm32l0xx_hal_tim.o [1]
TIM_OC4_SetConfig       0x08000bb7   0x30  Code  Lc  stm32l0xx_hal_tim.o [1]
__aeabi_idiv0           0x080008cd         Code  Gb  IntDivZer.o [4]
__cmain                 0x08001131         Code  Gb  cmain.o [4]
__exit                  0x08001165   0x14  Code  Gb  exit.o [5]
__iar_data_init3        0x080010f9   0x28  Code  Gb  data_init.o [4]
__iar_packbits_init_single3
                        0x080010bd   0x3c  Code  Gb  packbits_init_single.o [4]
__iar_program_start     0x080011ad         Code  Gb  cstartup_M.o [4]
__iar_small_uidiv       0x08000801         Code  Gb  I32DivMod.o [4]
__iar_small_uidivmod    0x08000801         Code  Gb  I32DivMod.o [4]
__iar_systems$$module {Abs}
                        0x00000001         Data  Gb  command line/config [2]
__low_level_init        0x0800114b    0x4  Code  Gb  low_level_init.o [3]
__vector_table          0x08000000         Data  Gb  startup_stm32l073xx.o [1]
_call_main              0x0800113d         Code  Gb  cmain.o [4]
_exit                   0x08001159         Code  Gb  cexit.o [4]
_main                   0x08001147         Code  Gb  cmain.o [4]
exit                    0x0800114f    0x8  Code  Gb  exit.o [3]
htim2                   0x20000000   0x38  Data  Gb  main.o [1]
htim6                   0x20000038   0x38  Data  Gb  main.o [1]
main                    0x08000e79   0x6a  Code  Gb  main.o [1]
pulse                   0x20000070    0x4  Data  Gb  main.o [1]
uwTick                  0x20000078    0x4  Data  Gb  stm32l0xx_hal.o [1]


[1] = D:\Drone Vacation Study\1st_week\PWM_PRACTICE\EWARM\PWM_PRACTICE\Obj
[2] = command line
[3] = dl6M_tlf.a
[4] = rt6M_tl.a
[5] = shb_l.a

  4 568 bytes of readonly  code memory
     28 bytes of readonly  data memory
  1 148 bytes of readwrite data memory

Errors: none
Warnings: none
