###############################################################################
#
# IAR ELF Linker V8.11.2.13589/W32 for ARM                25/Feb/2018  23:20:48
# Copyright 2007-2017 IAR Systems AB.
#
#    Output file  =  
#        D:\Drone Vacation
#        Study\1st_week\USART_PRACTICE_1\EWARM\USART_PRACTICE_1\Exe\USART_PRACTICE_1.out
#    Map file     =  
#        D:\Drone Vacation
#        Study\1st_week\USART_PRACTICE_1\EWARM\USART_PRACTICE_1\List\USART_PRACTICE_1.map
#    Command line =  
#        -f C:\Users\dsm2017\AppData\Local\Temp\EW9938.tmp ("D:\Drone Vacation
#        Study\1st_week\USART_PRACTICE_1\EWARM\USART_PRACTICE_1\Obj\main.o"
#        "D:\Drone Vacation
#        Study\1st_week\USART_PRACTICE_1\EWARM\USART_PRACTICE_1\Obj\startup_stm32l073xx.o"
#        "D:\Drone Vacation
#        Study\1st_week\USART_PRACTICE_1\EWARM\USART_PRACTICE_1\Obj\stm32l0xx_hal.o"
#        "D:\Drone Vacation
#        Study\1st_week\USART_PRACTICE_1\EWARM\USART_PRACTICE_1\Obj\stm32l0xx_hal_cortex.o"
#        "D:\Drone Vacation
#        Study\1st_week\USART_PRACTICE_1\EWARM\USART_PRACTICE_1\Obj\stm32l0xx_hal_dma.o"
#        "D:\Drone Vacation
#        Study\1st_week\USART_PRACTICE_1\EWARM\USART_PRACTICE_1\Obj\stm32l0xx_hal_flash.o"
#        "D:\Drone Vacation
#        Study\1st_week\USART_PRACTICE_1\EWARM\USART_PRACTICE_1\Obj\stm32l0xx_hal_flash_ex.o"
#        "D:\Drone Vacation
#        Study\1st_week\USART_PRACTICE_1\EWARM\USART_PRACTICE_1\Obj\stm32l0xx_hal_flash_ramfunc.o"
#        "D:\Drone Vacation
#        Study\1st_week\USART_PRACTICE_1\EWARM\USART_PRACTICE_1\Obj\stm32l0xx_hal_gpio.o"
#        "D:\Drone Vacation
#        Study\1st_week\USART_PRACTICE_1\EWARM\USART_PRACTICE_1\Obj\stm32l0xx_hal_i2c.o"
#        "D:\Drone Vacation
#        Study\1st_week\USART_PRACTICE_1\EWARM\USART_PRACTICE_1\Obj\stm32l0xx_hal_i2c_ex.o"
#        "D:\Drone Vacation
#        Study\1st_week\USART_PRACTICE_1\EWARM\USART_PRACTICE_1\Obj\stm32l0xx_hal_msp.o"
#        "D:\Drone Vacation
#        Study\1st_week\USART_PRACTICE_1\EWARM\USART_PRACTICE_1\Obj\stm32l0xx_hal_pwr.o"
#        "D:\Drone Vacation
#        Study\1st_week\USART_PRACTICE_1\EWARM\USART_PRACTICE_1\Obj\stm32l0xx_hal_pwr_ex.o"
#        "D:\Drone Vacation
#        Study\1st_week\USART_PRACTICE_1\EWARM\USART_PRACTICE_1\Obj\stm32l0xx_hal_rcc.o"
#        "D:\Drone Vacation
#        Study\1st_week\USART_PRACTICE_1\EWARM\USART_PRACTICE_1\Obj\stm32l0xx_hal_rcc_ex.o"
#        "D:\Drone Vacation
#        Study\1st_week\USART_PRACTICE_1\EWARM\USART_PRACTICE_1\Obj\stm32l0xx_hal_tim.o"
#        "D:\Drone Vacation
#        Study\1st_week\USART_PRACTICE_1\EWARM\USART_PRACTICE_1\Obj\stm32l0xx_hal_tim_ex.o"
#        "D:\Drone Vacation
#        Study\1st_week\USART_PRACTICE_1\EWARM\USART_PRACTICE_1\Obj\stm32l0xx_hal_uart.o"
#        "D:\Drone Vacation
#        Study\1st_week\USART_PRACTICE_1\EWARM\USART_PRACTICE_1\Obj\stm32l0xx_hal_uart_ex.o"
#        "D:\Drone Vacation
#        Study\1st_week\USART_PRACTICE_1\EWARM\USART_PRACTICE_1\Obj\stm32l0xx_it.o"
#        "D:\Drone Vacation
#        Study\1st_week\USART_PRACTICE_1\EWARM\USART_PRACTICE_1\Obj\system_stm32l0xx.o"
#        --redirect _Printf=_PrintfFull --redirect _Scanf=_ScanfFull -o
#        "D:\Drone Vacation
#        Study\1st_week\USART_PRACTICE_1\EWARM\USART_PRACTICE_1\Exe\USART_PRACTICE_1.out"
#        --map "D:\Drone Vacation
#        Study\1st_week\USART_PRACTICE_1\EWARM\USART_PRACTICE_1\List\USART_PRACTICE_1.map"
#        --config "D:\Drone Vacation
#        Study\1st_week\USART_PRACTICE_1\EWARM/stm32l073xx_flash.icf"
#        --semihosting --entry __iar_program_start --vfe --text_out locale)
#
###############################################################################

*******************************************************************************
*** RUNTIME MODEL ATTRIBUTES
***

CppFlavor       = *
__SystemLibrary = DLib
__dlib_version  = 6


*******************************************************************************
*** HEAP SELECTION
***

The basic heap was selected because no calls to memory allocation
functions were found in the application outside of system library
functions, and there are calls to deallocation functions in the
application.


*******************************************************************************
*** PLACEMENT SUMMARY
***

"A0":  place at 0x08000000 { ro section .intvec };
"P1":  place in [from 0x08000000 to 0x0802ffff] { ro };
define block CSTACK with size = 1K, alignment = 8 { };
define block HEAP with size = 512, alignment = 8 { };
"P2":  place in [from 0x20000000 to 0x20004fff] {
          rw, block CSTACK, block HEAP };
initialize by copy { rw };

  Section            Kind        Address    Size  Object
  -------            ----        -------    ----  ------
"A0":                                       0xc0
  .intvec            ro code  0x08000000    0xc0  startup_stm32l073xx.o [1]
                            - 0x080000c0    0xc0

"P1":                                     0x2f37
  .text              ro code  0x080000c0  0x1016  xprintffull.o [3]
  .text              ro code  0x080010d6     0x2  startup_stm32l073xx.o [1]
  .text              ro code  0x080010d8    0x8c  xlocale_c.o [3]
  .text              ro code  0x08001164    0x16  strchr.o [5]
  .text              ro code  0x0800117a     0x2  startup_stm32l073xx.o [1]
  .text              ro code  0x0800117c    0x48  xfail_s.o [3]
  .text              ro code  0x080011c4    0x10  strlen.o [5]
  .text              ro code  0x080011d4    0x18  memchr.o [5]
  .text              ro code  0x080011ec     0xa  xmbcurmax.o [3]
  .text              ro code  0x080011f6     0x2  startup_stm32l073xx.o [1]
  .text              ro code  0x080011f8    0x5c  ABImemcpy.o [5]
  .text              ro code  0x08001254    0x6a  I64DivMod.o [5]
  .text              ro code  0x080012be   0x184  DblMul.o [4]
  .text              ro code  0x08001442    0x32  DblCmpLe.o [4]
  .text              ro code  0x08001474    0x32  DblCmpGe.o [4]
  .text              ro code  0x080014a6     0x2  startup_stm32l073xx.o [1]
  .text              ro code  0x080014a8    0x52  DblToI32.o [4]
  .text              ro code  0x080014fa     0x2  startup_stm32l073xx.o [1]
  .text              ro code  0x080014fc    0x34  IxxToDbl.o [4]
  .text              ro code  0x08001530   0x1a8  DblAddSub.o [4]
  .text              ro code  0x080016d8    0xe0  I32DivModFast.o [5]
  .text              ro code  0x080017b8    0xc2  DblDiv.o [4]
  .text              ro code  0x0800187a     0x2  startup_stm32l073xx.o [1]
  .text              ro code  0x0800187c    0x36  I32DivMod.o [5]
  .text              ro code  0x080018b2     0xa  abort.o [3]
  .text              ro code  0x080018bc     0x2  I64DivZer.o [5]
  .text              ro code  0x080018be     0x2  startup_stm32l073xx.o [1]
  .text              ro code  0x080018c0     0x2  IntDivZer.o [5]
  .text              ro code  0x080018c2     0x2  startup_stm32l073xx.o [1]
  .text              ro code  0x080018c4    0x14  exit.o [6]
  .text              ro code  0x080018d8   0x730  stm32l0xx_hal_rcc.o [1]
  .text              ro code  0x08002008     0xc  stm32l0xx_hal.o [1]
  .text              ro code  0x08002014    0x28  stm32l0xx_hal.o [1]
  .text              ro code  0x0800203c    0x92  stm32l0xx_hal_cortex.o [1]
  .text              ro code  0x080020ce     0x2  startup_stm32l073xx.o [1]
  .text              ro code  0x080020d0   0x558  stm32l0xx_hal_uart.o [1]
  .text              ro code  0x08002628    0x84  stm32l0xx_hal_msp.o [1]
  .text              ro code  0x080026ac   0x36c  stm32l0xx_hal_rcc_ex.o [1]
  .text              ro code  0x08002a18   0x1b4  stm32l0xx_hal_gpio.o [1]
  .text              ro code  0x08002bcc   0x11c  main.o [1]
  .text              ro code  0x08002ce8    0x20  stm32l0xx_hal.o [1]
  .text              ro code  0x08002d08    0x28  printf.o [3]
  .text              ro code  0x08002d30    0x18  stm32l0xx_hal.o [1]
  .text              ro code  0x08002d48    0x74  system_stm32l0xx.o [1]
  .text              ro code  0x08002dbc    0x40  zero_init3.o [5]
  .text              ro code  0x08002dfc    0x3c  packbits_init_single.o [5]
  .text              ro code  0x08002e38    0x28  data_init.o [5]
  .iar.init_table    const    0x08002e60    0x20  - Linker created -
  .text              ro code  0x08002e80    0x1c  xencoding_8859_1.o [3]
  .text              ro code  0x08002e9c    0x1a  cmain.o [5]
  .text              ro code  0x08002eb6     0x4  low_level_init.o [3]
  .text              ro code  0x08002eba     0x8  exit.o [3]
  .text              ro code  0x08002ec2     0x2  startup_stm32l073xx.o [1]
  .text              ro code  0x08002ec4     0xa  cexit.o [5]
  .text              ro code  0x08002ece    0x16  xprout.o [3]
  .text              ro code  0x08002ee4    0x10  putchar.o [3]
  .text              ro code  0x08002ef4    0x14  stm32l0xx_it.o [1]
  .text              ro code  0x08002f08    0x10  stm32l0xx_hal.o [1]
  .rodata            const    0x08002f18    0x10  xprintffull.o [3]
  .text              ro code  0x08002f28    0x10  startup_stm32l073xx.o [1]
  .text              ro code  0x08002f38     0xc  cstartup_M.o [5]
  .rodata            const    0x08002f44     0x8  system_stm32l0xx.o [1]
  .rodata            const    0x08002f4c     0x6  xlocale_c.o [3]
  .text              ro code  0x08002f52     0x2  startup_stm32l073xx.o [1]
  .text              ro code  0x08002f54     0x2  startup_stm32l073xx.o [1]
  .text              ro code  0x08002f56     0x2  startup_stm32l073xx.o [1]
  .text              ro code  0x08002f58     0x2  startup_stm32l073xx.o [1]
  .text              ro code  0x08002f5a     0x2  startup_stm32l073xx.o [1]
  .text              ro code  0x08002f5c     0x2  startup_stm32l073xx.o [1]
  .text              ro code  0x08002f5e     0x2  startup_stm32l073xx.o [1]
  .text              ro code  0x08002f60     0x2  startup_stm32l073xx.o [1]
  .text              ro code  0x08002f62     0x2  startup_stm32l073xx.o [1]
  .text              ro code  0x08002f64     0x2  startup_stm32l073xx.o [1]
  .text              ro code  0x08002f66     0x2  startup_stm32l073xx.o [1]
  .text              ro code  0x08002f68     0x2  startup_stm32l073xx.o [1]
  .text              ro code  0x08002f6a     0x2  startup_stm32l073xx.o [1]
  .text              ro code  0x08002f6c     0x2  startup_stm32l073xx.o [1]
  .text              ro code  0x08002f6e     0x2  startup_stm32l073xx.o [1]
  .text              ro code  0x08002f70     0x2  startup_stm32l073xx.o [1]
  .text              ro code  0x08002f72     0x2  startup_stm32l073xx.o [1]
  .text              ro code  0x08002f74     0x2  startup_stm32l073xx.o [1]
  .text              ro code  0x08002f76     0x2  startup_stm32l073xx.o [1]
  .text              ro code  0x08002f78     0x2  startup_stm32l073xx.o [1]
  .text              ro code  0x08002f7a     0x2  startup_stm32l073xx.o [1]
  .rodata            const    0x08002f7c     0x0  zero_init3.o [5]
  .rodata            const    0x08002f7c     0x0  packbits_init_single.o [5]
  Initializer bytes  const    0x08002f7c    0x7b  <for P2-1>
                            - 0x08002ff7  0x2f37

"P2", part 1 of 3:                          0xcc
  P2-1                        0x20000000    0xcc  <Init block>
    .data            inited   0x20000000     0x4  system_stm32l0xx.o [1]
    .data            inited   0x20000004    0x38  xlocale_c.o [3]
    .data            inited   0x2000003c    0x48  xlocale_c.o [3]
    .data            inited   0x20000084    0x48  xfiles.o [3]
                            - 0x200000cc    0xcc

"P2", part 2 of 3:                          0xc8
  .bss               zero     0x200000cc    0x70  main.o [1]
  .bss               zero     0x2000013c    0x50  xfiles.o [3]
  .bss               zero     0x2000018c     0x4  stm32l0xx_hal.o [1]
  .bss               zero     0x20000190     0x4  xfail_s.o [3]
                            - 0x20000194    0xc8

"P2", part 3 of 3:                         0x400
  CSTACK                      0x20000198   0x400  <Block>
    CSTACK           uninit   0x20000198   0x400  <Block tail>
                            - 0x20000598   0x400


*******************************************************************************
*** INIT TABLE
***

          Address     Size
          -------     ----
Zero (__iar_zero_init3)
    1 destination range, total size 0xc8:
          0x200000cc  0xc8

Copy/packbits (__iar_packbits_init_single3)
    1 source range, total size 0x7b (60% of destination):
          0x08002f7c  0x7b
    1 destination range, total size 0xcc:
          0x20000000  0xcc



*******************************************************************************
*** MODULE SUMMARY
***

    Module                  ro code  ro data  rw data
    ------                  -------  -------  -------
D:\Drone Vacation Study\1st_week\USART_PRACTICE_1\EWARM\USART_PRACTICE_1\Obj: [1]
    main.o                      284               112
    startup_stm32l073xx.o       270
    stm32l0xx_hal.o             124                 4
    stm32l0xx_hal_cortex.o      146
    stm32l0xx_hal_gpio.o        436
    stm32l0xx_hal_msp.o         132
    stm32l0xx_hal_rcc.o       1 840
    stm32l0xx_hal_rcc_ex.o      876
    stm32l0xx_hal_uart.o      1 368
    stm32l0xx_it.o               20
    system_stm32l0xx.o          116       10        4
    -------------------------------------------------
    Total:                    5 612       10      120

command line: [2]
    -------------------------------------------------
    Total:

dl6M_tlf.a: [3]
    abort.o                      10
    exit.o                        8
    low_level_init.o              4
    printf.o                     40
    putchar.o                    16
    xencoding_8859_1.o           28
    xfail_s.o                    72                 4
    xfiles.o                              44      152
    xlocale_c.o                 140       83      128
    xmbcurmax.o                  10
    xprintffull.o             4 118       16
    xprout.o                     22
    -------------------------------------------------
    Total:                    4 468      143      284

m6M_tl.a: [4]
    DblAddSub.o                 424
    DblCmpGe.o                   50
    DblCmpLe.o                   50
    DblDiv.o                    194
    DblMul.o                    388
    DblToI32.o                   82
    IxxToDbl.o                   52
    -------------------------------------------------
    Total:                    1 240

rt6M_tl.a: [5]
    ABImemcpy.o                  92
    I32DivMod.o                  54
    I32DivModFast.o             224
    I64DivMod.o                 106
    I64DivZer.o                   2
    IntDivZer.o                   2
    cexit.o                      10
    cmain.o                      26
    cstartup_M.o                 12
    data_init.o                  40
    memchr.o                     24
    packbits_init_single.o       60
    strchr.o                     22
    strlen.o                     16
    zero_init3.o                 64
    -------------------------------------------------
    Total:                      754

shb_l.a: [6]
    exit.o                       20
    -------------------------------------------------
    Total:                       20

    Linker created                        32    1 024
-----------------------------------------------------
    Grand Total:             12 094      185    1 428


*******************************************************************************
*** ENTRY LIST
***

Entry                      Address   Size  Type      Object
-----                      -------   ----  ----      ------
.iar.init_table$$Base   0x08002e60          --   Gb  - Linker created -
.iar.init_table$$Limit  0x08002e80          --   Gb  - Linker created -
?main                   0x08002e9d         Code  Gb  cmain.o [5]
AHBPrescTable           0x08002da0   0x10  Data  Gb  system_stm32l0xx.o [1]
APBPrescTable           0x08002f44    0x8  Data  Gb  system_stm32l0xx.o [1]
CSTACK$$Base            0x20000198          --   Gb  - Linker created -
CSTACK$$Limit           0x20000598          --   Gb  - Linker created -
CacheMore               0x080010dd   0x28  Code  Lc  xlocale_c.o [3]
HAL_Delay               0x08002d31   0x18  Code  Wk  stm32l0xx_hal.o [1]
HAL_GPIO_Init           0x08002a19  0x194  Code  Gb  stm32l0xx_hal_gpio.o [1]
HAL_GetTick             0x08002009    0xc  Code  Wk  stm32l0xx_hal.o [1]
HAL_IncTick             0x08002f09   0x10  Code  Wk  stm32l0xx_hal.o [1]
HAL_Init                0x08002ce9   0x1a  Code  Gb  stm32l0xx_hal.o [1]
HAL_InitTick            0x08002015   0x28  Code  Wk  stm32l0xx_hal.o [1]
HAL_MspInit             0x08002629   0x3c  Code  Gb  stm32l0xx_hal_msp.o [1]
HAL_NVIC_SetPriority    0x08002071    0x8  Code  Gb  stm32l0xx_hal_cortex.o [1]
HAL_RCCEx_GetPeriphCLKFreq
                        0x08002855  0x18c  Code  Gb  stm32l0xx_hal_rcc_ex.o [1]
HAL_RCCEx_PeriphCLKConfig
                        0x080026ad  0x18c  Code  Gb  stm32l0xx_hal_rcc_ex.o [1]
HAL_RCC_ClockConfig     0x08001d5d  0x16a  Code  Gb  stm32l0xx_hal_rcc.o [1]
HAL_RCC_GetHCLKFreq     0x08001f45    0x6  Code  Gb  stm32l0xx_hal_rcc.o [1]
HAL_RCC_GetPCLK1Freq    0x08001f4b    0xe  Code  Gb  stm32l0xx_hal_rcc.o [1]
HAL_RCC_GetPCLK2Freq    0x08001f59    0xc  Code  Gb  stm32l0xx_hal_rcc.o [1]
HAL_RCC_GetSysClockFreq
                        0x08001ed5   0x6c  Code  Gb  stm32l0xx_hal_rcc.o [1]
HAL_RCC_OscConfig       0x080018d9  0x46c  Code  Gb  stm32l0xx_hal_rcc.o [1]
HAL_SYSTICK_CLKSourceConfig
                        0x080020a1   0x18  Code  Gb  stm32l0xx_hal_cortex.o [1]
HAL_SYSTICK_Config      0x08002079   0x28  Code  Gb  stm32l0xx_hal_cortex.o [1]
HAL_SYSTICK_IRQHandler  0x080020b9    0x8  Code  Gb  stm32l0xx_hal_cortex.o [1]
HAL_UART_Init           0x080020d1   0x66  Code  Gb  stm32l0xx_hal_uart.o [1]
HAL_UART_MspInit        0x08002665   0x3c  Code  Gb  stm32l0xx_hal_msp.o [1]
HAL_UART_Transmit       0x0800213d   0xc0  Code  Gb  stm32l0xx_hal_uart.o [1]
HardFault_Handler       0x08002ef7    0x2  Code  Gb  stm32l0xx_it.o [1]
LoadInt                 0x080002b5   0x74  Code  Lc  xprintffull.o [3]
NMI_Handler             0x08002ef5    0x2  Code  Gb  stm32l0xx_it.o [1]
NVIC_SetPriority        0x0800203d   0x34  Code  Lc  stm32l0xx_hal_cortex.o [1]
PLLMulTable             0x08002db0    0xc  Data  Gb  system_stm32l0xx.o [1]
PendSV_Handler          0x08002efb    0x2  Code  Gb  stm32l0xx_it.o [1]
RCC_SetFlashLatencyFromMSIRange
                        0x08001f8d   0x5e  Code  Lc  stm32l0xx_hal_rcc.o [1]
Region$$Table$$Base     0x08002e60          --   Gb  - Linker created -
Region$$Table$$Limit    0x08002e80          --   Gb  - Linker created -
SVC_Handler             0x08002ef9    0x2  Code  Gb  stm32l0xx_it.o [1]
SysTick_Handler         0x08002efd    0xc  Code  Gb  stm32l0xx_it.o [1]
SystemClock_Config      0x08002c39   0x8a  Code  Gb  main.o [1]
SystemCoreClock         0x20000000    0x4  Data  Gb  system_stm32l0xx.o [1]
SystemInit              0x08002d49   0x40  Code  Gb  system_stm32l0xx.o [1]
UART_AdvFeatureConfig   0x08002441   0xc8  Code  Gb  stm32l0xx_hal_uart.o [1]
UART_CheckIdleState     0x08002515   0x68  Code  Gb  stm32l0xx_hal_uart.o [1]
UART_SetConfig          0x080021fd  0x228  Code  Gb  stm32l0xx_hal_uart.o [1]
UART_WaitOnFlagUntilTimeout
                        0x0800257d   0x6a  Code  Gb  stm32l0xx_hal_uart.o [1]
_Encoding_8859_1_Mbrlen
                        0x08002e91    0x2  Code  Gb  xencoding_8859_1.o [3]
_Encoding_8859_1_Wctomb
                        0x08002e81   0x10  Code  Gb  xencoding_8859_1.o [3]
_GenldFull              0x08000e35  0x26e  Code  Lc  xprintffull.o [3]
_LdtobFull              0x080009b5  0x46c  Code  Lc  xprintffull.o [3]
_LitobFull              0x08000835  0x12e  Code  Lc  xprintffull.o [3]
_Locale_lconv           0x20000004   0x38  Data  Lc  xlocale_c.o [3]
_PrintfFull             0x080000c1  0x1e0  Code  Gb  xprintffull.o [3]
_Prout                  0x08002ecf   0x16  Code  Gb  xprout.o [3]
_PutcharsFull           0x080010a3   0x32  Code  Lc  xprintffull.o [3]
_PutfldFull             0x08000329  0x2d6  Code  Lc  xprintffull.o [3]
_PutstrFull             0x0800076d   0xc0  Code  Lc  xprintffull.o [3]
_PuttxtFull             0x08000669  0x102  Code  Lc  xprintffull.o [3]
__aeabi_cdcmple         0x08001443         Code  Gb  DblCmpLe.o [4]
__aeabi_cdrcmple        0x08001475         Code  Gb  DblCmpGe.o [4]
__aeabi_d2iz            0x080014a9         Code  Gb  DblToI32.o [4]
__aeabi_d2uiz           0x080014cd         Code  Gb  DblToI32.o [4]
__aeabi_ddiv            0x080017b9         Code  Gb  DblDiv.o [4]
__aeabi_dmul            0x080012bf         Code  Gb  DblMul.o [4]
__aeabi_dsub            0x080015eb         Code  Gb  DblAddSub.o [4]
__aeabi_i2d             0x0800151d         Code  Gb  IxxToDbl.o [4]
__aeabi_idiv            0x08001705         Code  Gb  I32DivModFast.o [5]
__aeabi_idiv0           0x080018c1         Code  Gb  IntDivZer.o [5]
__aeabi_idivmod         0x08001705         Code  Gb  I32DivModFast.o [5]
__aeabi_ldiv0           0x080018bd         Code  Gb  I64DivZer.o [5]
__aeabi_memcpy          0x080011f9         Code  Gb  ABImemcpy.o [5]
__aeabi_ui2d            0x080014fd         Code  Gb  IxxToDbl.o [4]
__aeabi_uidiv           0x0800170b         Code  Gb  I32DivModFast.o [5]
__aeabi_uidivmod        0x0800170b         Code  Gb  I32DivModFast.o [5]
__aeabi_uldivmod        0x08001255         Code  Gb  I64DivMod.o [5]
__cmain                 0x08002e9d         Code  Gb  cmain.o [5]
__exit                  0x080018c5   0x14  Code  Gb  exit.o [6]
__iar_Fail_s            0x0800117d   0x22  Code  Gb  xfail_s.o [3]
__iar_Mbcurmax          0x080011ed    0xa  Code  Gb  xmbcurmax.o [3]
__iar_Stdout            0x20000084   0x48  Data  Gb  xfiles.o [3]
__iar_d2uiz             0x080014d1         Code  Gb  DblToI32.o [4]
__iar_data_init3        0x08002e39   0x28  Code  Gb  data_init.o [5]
__iar_globLocale        0x2000003c   0x48  Data  Lc  xlocale_c.o [3]
__iar_global_Locale     0x080010d9    0x4  Code  Gb  xlocale_c.o [3]
__iar_packbits_init_single3
                        0x08002dfd   0x3c  Code  Gb  packbits_init_single.o [5]
__iar_program_start     0x08002f39         Code  Gb  cstartup_M.o [5]
__iar_small_uidiv       0x0800187d         Code  Gb  I32DivMod.o [5]
__iar_small_uidivmod    0x0800187d         Code  Gb  I32DivMod.o [5]
__iar_systems$$module {Abs}
                        0x00000001         Data  Gb  command line/config [2]
__iar_zero_init3        0x08002dbd   0x40  Code  Gb  zero_init3.o [5]
__low_level_init        0x08002eb7    0x4  Code  Gb  low_level_init.o [3]
__vector_table          0x08000000         Data  Gb  startup_stm32l073xx.o [1]
_call_main              0x08002ea9         Code  Gb  cmain.o [5]
_exit                   0x08002ec5         Code  Gb  cexit.o [5]
_gLocale_mblen          0x08001141    0xa  Code  Gb  xlocale_c.o [3]
_gLocale_mblenInt       0x08001105   0x34  Code  Gb  xlocale_c.o [3]
_gLocale_wctomb         0x0800114b    0xa  Code  Gb  xlocale_c.o [3]
_gLocale_wctombInt      0x08001139    0x8  Code  Gb  xlocale_c.o [3]
_main                   0x08002eb3         Code  Gb  cmain.o [5]
abort                   0x080018b3    0xa  Code  Gb  abort.o [3]
exit                    0x08002ebb    0x8  Code  Gb  exit.o [3]
fputc                   0x08002bcd   0x14  Code  Gb  main.o [1]
huart2                  0x200000cc   0x70  Data  Gb  main.o [1]
localeconv              0x08001157    0x4  Code  Gb  xlocale_c.o [3]
main                    0x08002be1   0x58  Code  Gb  main.o [1]
memchr                  0x080011d5   0x18  Code  Gb  memchr.o [5]
obuf                    0x2000013c   0x50  Data  Lc  xfiles.o [3]
printf                  0x08002d09   0x28  Code  Gb  printf.o [3]
putchar                 0x08002ee5   0x10  Code  Gb  putchar.o [3]
scale                   0x08000963   0x44  Code  Lc  xprintffull.o [3]
sec_hand                0x20000190    0x4  Data  Lc  xfail_s.o [3]
strchr                  0x08001165    0x2  Code  Gb  strchr.o [5]
strlen                  0x080011c5   0x10  Code  Gb  strlen.o [5]
uwTick                  0x2000018c    0x4  Data  Gb  stm32l0xx_hal.o [1]


[1] = D:\Drone Vacation Study\1st_week\USART_PRACTICE_1\EWARM\USART_PRACTICE_1\Obj
[2] = command line
[3] = dl6M_tlf.a
[4] = m6M_tl.a
[5] = rt6M_tl.a
[6] = shb_l.a

  12 094 bytes of readonly  code memory
     185 bytes of readonly  data memory
   1 428 bytes of readwrite data memory

Errors: none
Warnings: none
